


Using shader api: shaderapiempty.dll
materialPath: C:\Program Files (x86)\Steam2\steamapps\sourcemods\pf2\materials
Loading D:\Development\saint_dev\map_src\pf2\tc_hydro_alpha\tc_hydro_alpha_d.vmf
ConVarRef mat_reduceparticles doesn't point to an existing ConVar
Patching WVT material: maps/tc_hydro_alpha_d/nature/blendrockground004_wvt_patch
Patching WVT material: maps/tc_hydro_alpha_d/nature/blendrockgroundwall003_wvt_patch
fixing up env_cubemap materials on brush sides...
0...1...2...3...4...5...6...7...8...9...100...1...2...3...4...5...6...7...8...9...10Processing areas...done (0)
Building Faces...done (0)
Chop Details...done (0)
Find Visible Detail Sides...
Merged 344 detail faces...done (0)
Merging details...done (0)
FixTjuncs...
PruneNodes...
WriteBSP...
done (1)
writing D:\Development\saint_dev\map_src\pf2\tc_hydro_alpha\tc_hydro_alpha_d.prt...Building visibility clusters...
done (0)
Creating default LDR cubemaps for env_cubemap using skybox materials:
   skybox/sky_day01_01*.vmt
 ! Run buildcubemaps in the engine to get the correct cube maps.
Creating default HDR cubemaps for env_cubemap using skybox materials:
   skybox/sky_day01_01*.vmt
 ! Run buildcubemaps in the engine to get the correct cube maps.
Finding displacement neighbors...
Found a displacement edge abutting multiple other edges.
Finding lightmap sample positions...
Displacement Alpha : 0...1...2...3...4...5...6...7...8...9...10
Building Physics collision data...

qhull precision error: Only 4 facets remain.  Can not merge another
pair.  The convexity constraints may be too strong.  Reduce the
magnitude of 'Cn' or increase the magnitude of 'An'.  For example,
try 'C-0.001' instead of 'C-0.1' or 'A-0.999' instead of 'A-0.9'.

qhull precision error: Only 4 facets remain.  Can not merge another
pair.  The convexity constraints may be too strong.  Reduce the
magnitude of 'Cn' or increase the magnitude of 'An'.  For example,
try 'C-0.001' instead of 'C-0.1' or 'A-0.999' instead of 'A-0.9'.

qhull precision error: Only 4 facets remain.  Can not merge another
pair.  The convexity constraints may be too strong.  Reduce the
magnitude of 'Cn' or increase the magnitude of 'An'.  For example,
try 'C-0.001' instead of 'C-0.1' or 'A-0.999' instead of 'A-0.9'.

qhull precision error: Only 4 facets remain.  Can not merge another
pair.  The convexity constraints may be too strong.  Reduce the
magnitude of 'Cn' or increase the magnitude of 'An'.  For example,
try 'C-0.001' instead of 'C-0.1' or 'A-0.999' instead of 'A-0.9'.

qhull precision error: Only 4 facets remain.  Can not merge another
pair.  The convexity constraints may be too strong.  Reduce the
magnitude of 'Cn' or increase the magnitude of 'An'.  For example,
try 'C-0.001' instead of 'C-0.1' or 'A-0.999' instead of 'A-0.9'.

qhull precision error: Only 4 facets remain.  Can not merge another
pair.  The convexity constraints may be too strong.  Reduce the
magnitude of 'Cn' or increase the magnitude of 'An'.  For example,
try 'C-0.001' instead of 'C-0.1' or 'A-0.999' instead of 'A-0.9'.

qhull precision error: Only 4 facets remain.  Can not merge another
pair.  The convexity constraints may be too strong.  Reduce the
magnitude of 'Cn' or increase the magnitude of 'An'.  For example,
try 'C-0.001' instead of 'C-0.1' or 'A-0.999' instead of 'A-0.9'.
Displacement 182 has bad geometry near 192.00 1600.00 744.00
Can't compile displacement physics, exiting.  Texture is nature/blendrockgroundwall003



Using shader api: shaderapiempty.dll
materialPath: C:\Program Files (x86)\Steam2\steamapps\sourcemods\pf2\materials
Loading D:\Development\saint_dev\map_src\pf2\tc_hydro_alpha\tc_hydro_alpha_d.vmf
ConVarRef mat_reduceparticles doesn't point to an existing ConVar
Patching WVT material: maps/tc_hydro_alpha_d/nature/blendrockground004_wvt_patch
Patching WVT material: maps/tc_hydro_alpha_d/nature/blendrockgroundwall003_wvt_patch
fixing up env_cubemap materials on brush sides...
0...1...2...3...4...5...6...7...8...9...100...1...2...3...4...5...6...7...8...9...10Processing areas...done (0)
Building Faces...done (0)
Chop Details...done (0)
Find Visible Detail Sides...
Merged 352 detail faces...done (1)
Merging details...done (0)
FixTjuncs...
PruneNodes...
WriteBSP...
done (0)
writing D:\Development\saint_dev\map_src\pf2\tc_hydro_alpha\tc_hydro_alpha_d.prt...Building visibility clusters...
done (0)
Creating default LDR cubemaps for env_cubemap using skybox materials:
   skybox/sky_day01_01*.vmt
 ! Run buildcubemaps in the engine to get the correct cube maps.
Creating default HDR cubemaps for env_cubemap using skybox materials:
   skybox/sky_day01_01*.vmt
 ! Run buildcubemaps in the engine to get the correct cube maps.
Finding displacement neighbors...
Found a displacement edge abutting multiple other edges.
Finding lightmap sample positions...
Displacement Alpha : 0...1...2...3...4...5...6...7...8...9...10
Building Physics collision data...

qhull precision error: Only 4 facets remain.  Can not merge another
pair.  The convexity constraints may be too strong.  Reduce the
magnitude of 'Cn' or increase the magnitude of 'An'.  For example,
try 'C-0.001' instead of 'C-0.1' or 'A-0.999' instead of 'A-0.9'.

qhull precision error: Only 4 facets remain.  Can not merge another
pair.  The convexity constraints may be too strong.  Reduce the
magnitude of 'Cn' or increase the magnitude of 'An'.  For example,
try 'C-0.001' instead of 'C-0.1' or 'A-0.999' instead of 'A-0.9'.

qhull precision error: Only 4 facets remain.  Can not merge another
pair.  The convexity constraints may be too strong.  Reduce the
magnitude of 'Cn' or increase the magnitude of 'An'.  For example,
try 'C-0.001' instead of 'C-0.1' or 'A-0.999' instead of 'A-0.9'.

qhull precision error: Only 4 facets remain.  Can not merge another
pair.  The convexity constraints may be too strong.  Reduce the
magnitude of 'Cn' or increase the magnitude of 'An'.  For example,
try 'C-0.001' instead of 'C-0.1' or 'A-0.999' instead of 'A-0.9'.

qhull precision error: Only 4 facets remain.  Can not merge another
pair.  The convexity constraints may be too strong.  Reduce the
magnitude of 'Cn' or increase the magnitude of 'An'.  For example,
try 'C-0.001' instead of 'C-0.1' or 'A-0.999' instead of 'A-0.9'.

qhull precision error: Only 4 facets remain.  Can not merge another
pair.  The convexity constraints may be too strong.  Reduce the
magnitude of 'Cn' or increase the magnitude of 'An'.  For example,
try 'C-0.001' instead of 'C-0.1' or 'A-0.999' instead of 'A-0.9'.
Displacement 180 has bad geometry near 256.00 1560.00 728.00
Can't compile displacement physics, exiting.  Texture is NATURE/BLENDROCKGROUNDWALL003
