


Using shader api: shaderapiempty.dll
materialPath: C:\Program Files (x86)\Steam2\steamapps\sourcemods\pf2\materials
Loading D:\Development\saint_dev\map_src\pf2\inv_2fort\inv_2fart.vmf
ConVarRef mat_reduceparticles doesn't point to an existing ConVar
Patching WVT material: maps/inv_2fart/nature/blendgroundtogravel001_wvt_patch
Patching WVT material: maps/inv_2fart/nature/blendgroundtograss001_wvt_patch
Patching WVT material: maps/inv_2fart/nature/blendgroundtograss003_nodetail_wvt_patch
fixing up env_cubemap materials on brush sides...
0...1...2...3...4...5...6...7...8...9...100...1...2...3...4...5...6...7...8...9...10Processing areas...done (0)
Building Faces...done (0)
Occluder "occluder_red_front1" straddles multiple areas. This is invalid!
Occluder "occluder_red_front1" straddles multiple areas. This is invalid!
Occluder "occluder_red_front1" straddles multiple areas. This is invalid!
Occluder "occluder_red_front1" straddles multiple areas. This is invalid!
Occluder "occluder_red_front1" straddles multiple areas. This is invalid!
Occluder "occluder_red_front1" straddles multiple areas. This is invalid!
Occluder "occluder_red_front1" straddles multiple areas. This is invalid!
Occluder "occluder_red_front1" straddles multiple areas. This is invalid!
Occluder "occluder_red_front1" straddles multiple areas. This is invalid!
Occluder "occluder_red_front1" straddles multiple areas. This is invalid!
Occluder "occluder_red_front1" straddles multiple areas. This is invalid!
Occluder "occluder_red_front1" straddles multiple areas. This is invalid!
Occluder "occluder_red_front1" straddles multiple areas. This is invalid!
Occluder "occluder_red_front1" straddles multiple areas. This is invalid!
Occluder "occluder_red_front1" straddles multiple areas. This is invalid!
Occluder "occluder_red_front1" straddles multiple areas. This is invalid!
Occluder "occluder_red_front1" straddles multiple areas. This is invalid!
Occluder "occluder_red_front1" straddles multiple areas. This is invalid!
Occluder "occluder_red_front1" straddles multiple areas. This is invalid!
Occluder "occluder_red_front1" straddles multiple areas. This is invalid!
Occluder "occluder_red_front1" straddles multiple areas. This is invalid!
Occluder "occluder_red_front1" straddles multiple areas. This is invalid!
Occluder "occluder_red_front1" straddles multiple areas. This is invalid!
Occluder "occluder_red_front1" straddles multiple areas. This is invalid!
Occluder "occluder_red_front1" straddles multiple areas. This is invalid!
Occluder "occluder_red_front1" straddles multiple areas. This is invalid!
Occluder "occluder_red_front1" straddles multiple areas. This is invalid!
Occluder "occluder_red_front1" straddles multiple areas. This is invalid!
Occluder "occluder_red_front1" straddles multiple areas. This is invalid!
Occluder "occluder_red_front1" straddles multiple areas. This is invalid!
Occluder "occluder_red_front1" straddles multiple areas. This is invalid!
Occluder "occluder_red_front1" straddles multiple areas. This is invalid!
Occluder "occluder_red_front1" straddles multiple areas. This is invalid!
Occluder "occluder_red_front1" straddles multiple areas. This is invalid!
Occluder "occluder_red_front1" straddles multiple areas. This is invalid!
Occluder "occluder_red_front1" straddles multiple areas. This is invalid!
Occluder "occluder_red_front1" straddles multiple areas. This is invalid!
Occluder "occluder_red_front1" straddles multiple areas. This is invalid!
Occluder "occluder_red_front1" straddles multiple areas. This is invalid!
Occluder "occluder_red_front1" straddles multiple areas. This is invalid!
Occluder "occluder_red_front1" straddles multiple areas. This is invalid!
Occluder "occluder_red_front1" straddles multiple areas. This is invalid!
Occluder "occluder_red_front1" straddles multiple areas. This is invalid!
Occluder "occluder_red_front1" straddles multiple areas. This is invalid!
Occluder "occluder_red_front4" straddles multiple areas. This is invalid!
Occluder "occluder_red_front4" straddles multiple areas. This is invalid!
Occluder "occluder_blue_front1b" straddles multiple areas. This is invalid!
Occluder "occluder_blue_front1b" straddles multiple areas. This is invalid!
Occluder "occluder_blue_front1b" straddles multiple areas. This is invalid!
Chop Details...done (0)
Find Visible Detail Sides...
Merged 1210 detail faces...done (0)
Merging details...done (1)
FixTjuncs...
PruneNodes...
WriteBSP...
done (1)
writing D:\Development\saint_dev\map_src\pf2\inv_2fort\inv_2fart.prt...Building visibility clusters...
done (0)
*** Error: Skybox vtf files for skybox/sky_tf2_04 weren't compiled with the same size texture and/or same flags!
Can't load skybox file skybox/sky_tf2_04 to build the default cubemap!
*** Error: Skybox vtf files for skybox/sky_tf2_04 weren't compiled with the same size texture and/or same flags!
Can't load skybox file skybox/sky_tf2_04 to build the default cubemap!
Finding displacement neighbors...
Finding lightmap sample positions...
Displacement Alpha : 0...1...2...3...4...5...6...7...8...9...10
Building Physics collision data...
WARNING: Map using power 4 displacements, terrain physics cannot be compressed, map will need additional memory and CPU.
done (1) (4415806 bytes)
Static prop models/props_mining/ceiling_pipe_64.mdl outside the map (1269.00, 1600.00, 488.00)
Static prop models/props_mining/ceiling_pipe_64.mdl outside the map (-1061.00, 1712.00, 488.00)
Static prop models/props_mining/ceiling_pipe_128.mdl outside the map (1408.00, 1258.57, 503.37)
Static prop models/props_mining/ceiling_pipe_128.mdl outside the map (1536.00, 1258.57, 503.37)
Static prop models/props_mining/ceiling_pipe_64.mdl outside the map (-1269.00, -1600.00, 488.00)
Static prop models/props_mining/ceiling_pipe_128.mdl outside the map (-1408.00, -1258.57, 503.37)
Static prop models/props_mining/ceiling_pipe_128.mdl outside the map (-1536.00, -1258.57, 503.37)
Static prop models/props_mining/ceiling_pipe_64.mdl outside the map (1061.00, -1712.00, 488.00)
Placing detail props : 0...1...2...3...4...5...6...7...8...9...10
Compacting texture/material tables...
Reduced 13891 texinfos to 5987
Reduced 327 texdatas to 279 (10974 bytes to 8778)
Writing D:\Development\saint_dev\map_src\pf2\inv_2fort\inv_2fart.bsp
MSG_FILEWRITE - Filesystem was asked to write to 'D:\Development\saint_dev\map_src\pf2\inv_2fort\inv_2fart.bsp', but we don't own that location. Allowing.
Wrote ZIP buffer, estimated size 65412, actual size 46974
12 seconds elapsed



12 threads
reading d:\development\saint_dev\map_src\pf2\inv_2fort\inv_2fart.bsp
reading d:\development\saint_dev\map_src\pf2\inv_2fort\inv_2fart.prt
2726 portalclusters
7410 numportals
0...1...2...3...4...5...6...7...8...9...10Optimized: 208620 visible clusters (9.78%)
Total clusters visible: 2134190
Average clusters visible: 782
Building PAS...
Average clusters audible: 1565
visdatasize:1168368  compressed from 1875488
writing d:\development\saint_dev\map_src\pf2\inv_2fort\inv_2fart.bsp
MSG_FILEWRITE - Filesystem was asked to write to 'd:\development\saint_dev\map_src\pf2\inv_2fort\inv_2fart.bsp', but we don't own that location. Allowing.
0 seconds elapsed



[Reading texlights from 'lights.rad']
[37 texlights parsed from 'lights.rad']

Loading d:\development\saint_dev\map_src\pf2\inv_2fort\inv_2fart.bsp
Patch Sample Radius Clamped!
Patch Sample Radius Clamped!
16460 faces
15 degenerate faces
1970692 square feet [283779712.00 square inches]
232 Displacements
169872 Square Feet [24461698.00 Square Inches]
16445 patches before subdivision
16445 patches after subdivision
390 direct lights
0...1...2...3...4...5...6...7...8...9...100...1...2...3...4...5...6...7...8...9...10transfers 1420048, max 940
transfer lists:  10.8 megs
0...1...2...3...4...5...6...7...8...9...10	Bounce #1 added RGB(91414, 76067, 64873)
0...1...2...3...4...5...6...7...8...9...10	Bounce #2 added RGB(25266, 18857, 14306)
0...1...2...3...4...5...6...7...8...9...10	Bounce #3 added RGB(8671, 6035, 4185)
0...1...2...3...4...5...6...7...8...9...10	Bounce #4 added RGB(3316, 2132, 1340)
0...1...2...3...4...5...6...7...8...9...10	Bounce #5 added RGB(1358, 808, 460)
0...1...2...3...4...5...6...7...8...9...10	Bounce #6 added RGB(579, 315, 162)
0...1...2...3...4...5...6...7...8...9...10	Bounce #7 added RGB(253, 126, 58)
0...1...2...3...4...5...6...7...8...9...10	Bounce #8 added RGB(113, 51, 21)
0...1...2...3...4...5...6...7...8...9...10	Bounce #9 added RGB(51, 21, 8)
0...1...2...3...4...5...6...7...8...9...10	Bounce #10 added RGB(23, 9, 3)
0...1...2...3...4...5...6...7...8...9...10	Bounce #11 added RGB(11, 4, 1)
0...1...2...3...4...5...6...7...8...9...10	Bounce #12 added RGB(5, 1, 0)
0...1...2...3...4...5...6...7...8...9...10	Bounce #13 added RGB(2, 1, 0)
0...1...2...3...4...5...6...7...8...9...10	Bounce #14 added RGB(1, 0, 0)
0...1...2...3...4...5...6...7...8...9...10	Bounce #15 added RGB(1, 0, 0)
Build Patch/Sample Hash Table(s).....Done<0.0431 sec>
0...1...2...3...4...5...6...7...8...9...10FinalLightFace Done
Computing detail prop lighting : 0...1...2...3...4...5...6...7...8...9...10
63 of 105 (60% of) surface lights went in leaf ambient cubes.
0...1...2...3...4...5...6...7...8...9...10Writing leaf ambient...done
Ready to Finish

Object names       Objects/Maxobjs  Memory / Maxmem  Fullness 
------------       ---------------  ---------------  -------- 
models                 148/1024         7104/49152    (14.5%) 
brushes               5713/8192        68556/98304    (69.7%) 
brushsides           39968/65536      319744/524288   (61.0%) 
planes               14840/65536      296800/1310720  (22.6%) 
vertexes             30071/65536      360852/786432   (45.9%) 
nodes                 8099/65536      259168/2097152  (12.4%) 
texinfos              5987/12288      431064/884736   (48.7%) 
texdata                279/2048         8928/65536    (13.6%) 
dispinfos              232/0           40832/0        ( 0.0%) 
disp_verts           13768/0          275360/0        ( 0.0%) 
disp_tris            21248/0           42496/0        ( 0.0%) 
disp_lmsamples      524319/0          524319/0        ( 0.0%) 
faces                16460/65536      921760/3670016  (25.1%) 
hdr faces                0/65536           0/3670016  ( 0.0%) 
origfaces            11325/65536      634200/3670016  (17.3%) 
leaves                8248/65536      263936/2097152  (12.6%) 
leaffaces            21085/65536       42170/131072   (32.2%) 
leafbrushes          14817/65536       29634/131072   (22.6%) 
areas                   20/256           160/2048     ( 7.8%) 
surfedges           124899/512000     499596/2048000  (24.4%) 
edges                78589/256000     314356/1024000  (30.7%) 
LDR worldlights        390/8192        34320/720896   ( 4.8%) 
HDR worldlights          0/8192            0/720896   ( 0.0%) 
leafwaterdata            4/32768          48/393216   ( 0.0%) 
waterstrips           1747/32768       17470/327680   ( 5.3%) 
waterverts               0/65536           0/786432   ( 0.0%) 
waterindices         32181/65536       64362/131072   (49.1%) 
cubemapsamples          82/1024         1312/16384    ( 8.0%) 
overlays               239/512         84128/180224   (46.7%) 
LDR lightdata         [variable]    10184956/0        ( 0.0%) 
HDR lightdata         [variable]           0/0        ( 0.0%) 
visdata               [variable]     1168368/16777216 ( 7.0%) 
entdata               [variable]      310066/393216   (78.9%) 
LDR ambient table     8248/65536       32992/262144   (12.6%) 
HDR ambient table     8248/65536       32992/262144   (12.6%) 
LDR leaf ambient     36710/65536     1027880/1835008  (56.0%) 
HDR leaf ambient      8248/65536      230944/1835008  (12.6%) 
occluders               13/0             520/0        ( 0.0%) 
occluder polygons       23/0             276/0        ( 0.0%) 
occluder vert ind       98/0             392/0        ( 0.0%) 
detail props          [variable]           1/87304    ( 0.0%) 
dtl prp lght          [variable]           1/4        (25.0%) 
HDR dtl prp lght      [variable]           1/4        (25.0%) 
static props          [variable]           1/213318   ( 0.0%) 
pakfile               [variable]       46974/0        ( 0.0%) 
physics               [variable]     4415806/4194304  (105.3%) VERY FULL!
physics terrain       [variable]           0/1048576  ( 0.0%) 

Level flags = 0

Total triangle count: 46710
Writing d:\development\saint_dev\map_src\pf2\inv_2fort\inv_2fart.bsp
28 seconds elapsed



[Reading texlights from 'lights.rad']
[37 texlights parsed from 'lights.rad']

Loading d:\development\saint_dev\map_src\pf2\inv_2fort\inv_2fart.bsp
Patch Sample Radius Clamped!
Patch Sample Radius Clamped!
16460 faces
15 degenerate faces
1970692 square feet [283779712.00 square inches]
232 Displacements
169872 Square Feet [24461698.00 Square Inches]
16445 patches before subdivision
16445 patches after subdivision
390 direct lights
0...1...2...3...4...5...6...7...8...9...100...1...2...3...4...5...6...7...8...9...10transfers 1420048, max 940
transfer lists:  10.8 megs
0...1...2...3...4...5...6...7...8...9...10	Bounce #1 added RGB(85685, 70647, 59902)
0...1...2...3...4...5...6...7...8...9...10	Bounce #2 added RGB(22685, 16666, 12517)
0...1...2...3...4...5...6...7...8...9...10	Bounce #3 added RGB(7545, 5156, 3538)
0...1...2...3...4...5...6...7...8...9...10	Bounce #4 added RGB(2831, 1790, 1115)
0...1...2...3...4...5...6...7...8...9...10	Bounce #5 added RGB(1146, 672, 380)
0...1...2...3...4...5...6...7...8...9...10	Bounce #6 added RGB(486, 262, 133)
0...1...2...3...4...5...6...7...8...9...10	Bounce #7 added RGB(212, 105, 48)
0...1...2...3...4...5...6...7...8...9...10	Bounce #8 added RGB(95, 42, 17)
0...1...2...3...4...5...6...7...8...9...10	Bounce #9 added RGB(43, 17, 6)
0...1...2...3...4...5...6...7...8...9...10	Bounce #10 added RGB(20, 7, 2)
0...1...2...3...4...5...6...7...8...9...10	Bounce #11 added RGB(9, 3, 1)
0...1...2...3...4...5...6...7...8...9...10	Bounce #12 added RGB(4, 1, 0)
0...1...2...3...4...5...6...7...8...9...10	Bounce #13 added RGB(2, 1, 0)
0...1...2...3...4...5...6...7...8...9...10	Bounce #14 added RGB(1, 0, 0)
Build Patch/Sample Hash Table(s).....Done<0.0468 sec>
0...1...2...3...4...5...6...7...8...9...10FinalLightFace Done
Computing detail prop lighting : 0...1...2...3...4...5...6...7...8...9...10
63 of 105 (60% of) surface lights went in leaf ambient cubes.
0...1...2...3...4...5...6...7...8...9...10Writing leaf ambient...done
Ready to Finish

Object names       Objects/Maxobjs  Memory / Maxmem  Fullness 
------------       ---------------  ---------------  -------- 
models                 148/1024         7104/49152    (14.5%) 
brushes               5713/8192        68556/98304    (69.7%) 
brushsides           39968/65536      319744/524288   (61.0%) 
planes               14840/65536      296800/1310720  (22.6%) 
vertexes             30071/65536      360852/786432   (45.9%) 
nodes                 8099/65536      259168/2097152  (12.4%) 
texinfos              5987/12288      431064/884736   (48.7%) 
texdata                279/2048         8928/65536    (13.6%) 
dispinfos              232/0           40832/0        ( 0.0%) 
disp_verts           13768/0          275360/0        ( 0.0%) 
disp_tris            21248/0           42496/0        ( 0.0%) 
disp_lmsamples      524319/0          524319/0        ( 0.0%) 
faces                16460/65536      921760/3670016  (25.1%) 
hdr faces            16460/65536      921760/3670016  (25.1%) 
origfaces            11325/65536      634200/3670016  (17.3%) 
leaves                8248/65536      263936/2097152  (12.6%) 
leaffaces            21085/65536       42170/131072   (32.2%) 
leafbrushes          14817/65536       29634/131072   (22.6%) 
areas                   20/256           160/2048     ( 7.8%) 
surfedges           124899/512000     499596/2048000  (24.4%) 
edges                78589/256000     314356/1024000  (30.7%) 
LDR worldlights        390/8192        34320/720896   ( 4.8%) 
HDR worldlights        390/8192        34320/720896   ( 4.8%) 
leafwaterdata            4/32768          48/393216   ( 0.0%) 
waterstrips           1747/32768       17470/327680   ( 5.3%) 
waterverts               0/65536           0/786432   ( 0.0%) 
waterindices         32181/65536       64362/131072   (49.1%) 
cubemapsamples          82/1024         1312/16384    ( 8.0%) 
overlays               239/512         84128/180224   (46.7%) 
LDR lightdata         [variable]    10184956/0        ( 0.0%) 
HDR lightdata         [variable]    10184956/0        ( 0.0%) 
visdata               [variable]     1168368/16777216 ( 7.0%) 
entdata               [variable]      310066/393216   (78.9%) 
LDR ambient table     8248/65536       32992/262144   (12.6%) 
HDR ambient table     8248/65536       32992/262144   (12.6%) 
LDR leaf ambient     36710/65536     1027880/1835008  (56.0%) 
HDR leaf ambient     36705/65536     1027740/1835008  (56.0%) 
occluders               13/0             520/0        ( 0.0%) 
occluder polygons       23/0             276/0        ( 0.0%) 
occluder vert ind       98/0             392/0        ( 0.0%) 
detail props          [variable]           1/87304    ( 0.0%) 
dtl prp lght          [variable]           1/4        (25.0%) 
HDR dtl prp lght      [variable]           1/4        (25.0%) 
static props          [variable]           1/213318   ( 0.0%) 
pakfile               [variable]       46974/0        ( 0.0%) 
physics               [variable]     4415806/4194304  (105.3%) VERY FULL!
physics terrain       [variable]           0/1048576  ( 0.0%) 

Level flags = 0

Total triangle count: 46710
Writing d:\development\saint_dev\map_src\pf2\inv_2fort\inv_2fart.bsp
28 seconds elapsed



Using shader api: shaderapiempty.dll
materialPath: C:\Program Files (x86)\Steam2\steamapps\sourcemods\pf2\materials
Loading D:\Development\saint_dev\map_src\pf2\inv_2fort\inv_2fart.vmf
ConVarRef mat_reduceparticles doesn't point to an existing ConVar
Patching WVT material: maps/inv_2fart/nature/blendgroundtogravel001_wvt_patch
Patching WVT material: maps/inv_2fart/nature/blendgroundtograss001_wvt_patch
Patching WVT material: maps/inv_2fart/nature/blendgroundtograss003_nodetail_wvt_patch
fixing up env_cubemap materials on brush sides...
0...1...2...3...4...5...6...7...8...9...10**** leaked ****
Entity prop_static (-615.00 3454.00 -172.00) leaked!

FindPortalSide: Couldn't find a good match for which brush to assign to a portal near (2048.0 4184.0 -420.0)
Leaf 0 contents: CONTENTS_SOLID 
Leaf 1 contents: 
viscontents (node 0 contents ^ node 1 contents): CONTENTS_SOLID 
This means that none of the brushes in leaf 0 or 1 that touches the portal has CONTENTS_SOLID 
Check for a huge brush enclosing the coordinates above that has contents CONTENTS_SOLID 
Candidate brush IDs: 


FindPortalSide: Couldn't find a good match for which brush to assign to a portal near (2048.0 4184.0 840.0)
Leaf 0 contents: CONTENTS_SOLID 
Leaf 1 contents: 
viscontents (node 0 contents ^ node 1 contents): CONTENTS_SOLID 
This means that none of the brushes in leaf 0 or 1 that touches the portal has CONTENTS_SOLID 
Check for a huge brush enclosing the coordinates above that has contents CONTENTS_SOLID 
Candidate brush IDs: 


FindPortalSide: Couldn't find a good match for which brush to assign to a portal near (2048.0 4696.0 -420.0)
Leaf 0 contents: CONTENTS_SOLID 
Leaf 1 contents: 
viscontents (node 0 contents ^ node 1 contents): CONTENTS_SOLID 
This means that none of the brushes in leaf 0 or 1 that touches the portal has CONTENTS_SOLID 
Check for a huge brush enclosing the coordinates above that has contents CONTENTS_SOLID 
Candidate brush IDs: 


FindPortalSide: Couldn't find a good match for which brush to assign to a portal near (2048.0 4696.0 840.0)
Leaf 0 contents: CONTENTS_SOLID 
Leaf 1 contents: 
viscontents (node 0 contents ^ node 1 contents): CONTENTS_SOLID 
This means that none of the brushes in leaf 0 or 1 that touches the portal has CONTENTS_SOLID 
Check for a huge brush enclosing the coordinates above that has contents CONTENTS_SOLID 
Candidate brush IDs: 


FindPortalSide: Couldn't find a good match for which brush to assign to a portal near (2560.0 5120.0 612.0)
Leaf 0 contents: 
Leaf 1 contents: CONTENTS_SOLID 
viscontents (node 0 contents ^ node 1 contents): CONTENTS_SOLID 
This means that none of the brushes in leaf 0 or 1 that touches the portal has CONTENTS_SOLID 
Check for a huge brush enclosing the coordinates above that has contents CONTENTS_SOLID 
Candidate brush IDs: 


FindPortalSide: Couldn't find a good match for which brush to assign to a portal near (3072.0 4608.0 612.0)
Leaf 0 contents: 
Leaf 1 contents: CONTENTS_SOLID 
viscontents (node 0 contents ^ node 1 contents): CONTENTS_SOLID 
This means that none of the brushes in leaf 0 or 1 that touches the portal has CONTENTS_SOLID 
Check for a huge brush enclosing the coordinates above that has contents CONTENTS_SOLID 
Candidate brush IDs: 


FindPortalSide: Couldn't find a good match for which brush to assign to a portal near (2336.0 3072.0 -220.0)
Leaf 0 contents: CONTENTS_SOLID 
Leaf 1 contents: 
viscontents (node 0 contents ^ node 1 contents): CONTENTS_SOLID 
This means that none of the brushes in leaf 0 or 1 that touches the portal has CONTENTS_SOLID 
Check for a huge brush enclosing the coordinates above that has contents CONTENTS_SOLID 
Candidate brush IDs: 


FindPortalSide: Couldn't find a good match for which brush to assign to a portal near (2336.0 3072.0 1864.0)
Leaf 0 contents: CONTENTS_SOLID 
Leaf 1 contents: 
viscontents (node 0 contents ^ node 1 contents): CONTENTS_SOLID 
This means that none of the brushes in leaf 0 or 1 that touches the portal has CONTENTS_SOLID 
Check for a huge brush enclosing the coordinates above that has contents CONTENTS_SOLID 
Candidate brush IDs: 

*** Suppressing further FindPortalSide errors.... ***
Processing areas...done (0)
Building Faces...done (0)
Occluder "occluder_red_front1" straddles multiple areas. This is invalid!
Occluder "occluder_red_front1" straddles multiple areas. This is invalid!
Occluder "occluder_red_front1" straddles multiple areas. This is invalid!
Occluder "occluder_red_front1" straddles multiple areas. This is invalid!
Occluder "occluder_red_front1" straddles multiple areas. This is invalid!
Occluder "occluder_red_front1" straddles multiple areas. This is invalid!
Occluder "occluder_red_front1" straddles multiple areas. This is invalid!
Occluder "occluder_red_front1" straddles multiple areas. This is invalid!
Occluder "occluder_red_front1" straddles multiple areas. This is invalid!
Occluder "occluder_red_front1" straddles multiple areas. This is invalid!
Occluder "occluder_red_front1" straddles multiple areas. This is invalid!
Occluder "occluder_red_front1" straddles multiple areas. This is invalid!
Occluder "occluder_red_front1" straddles multiple areas. This is invalid!
Occluder "occluder_red_front1" straddles multiple areas. This is invalid!
Occluder "occluder_red_front1" straddles multiple areas. This is invalid!
Occluder "occluder_red_front1" straddles multiple areas. This is invalid!
Occluder "occluder_red_front1" straddles multiple areas. This is invalid!
Occluder "occluder_red_front1" straddles multiple areas. This is invalid!
Occluder "occluder_red_front1" straddles multiple areas. This is invalid!
Occluder "occluder_red_front1" straddles multiple areas. This is invalid!
Occluder "occluder_red_front1" straddles multiple areas. This is invalid!
Occluder "occluder_red_front1" straddles multiple areas. This is invalid!
Occluder "occluder_red_front1" straddles multiple areas. This is invalid!
Occluder "occluder_red_front1" straddles multiple areas. This is invalid!
Occluder "occluder_red_front1" straddles multiple areas. This is invalid!
Occluder "occluder_red_front1" straddles multiple areas. This is invalid!
Occluder "occluder_red_front1" straddles multiple areas. This is invalid!
Occluder "occluder_red_front1" straddles multiple areas. This is invalid!
Occluder "occluder_red_front1" straddles multiple areas. This is invalid!
Occluder "occluder_red_front1" straddles multiple areas. This is invalid!
Occluder "occluder_red_front1" straddles multiple areas. This is invalid!
Occluder "occluder_red_front1" straddles multiple areas. This is invalid!
Occluder "occluder_red_front1" straddles multiple areas. This is invalid!
Occluder "occluder_red_front1" straddles multiple areas. This is invalid!
Occluder "occluder_red_front1" straddles multiple areas. This is invalid!
Occluder "occluder_red_front1" straddles multiple areas. This is invalid!
Occluder "occluder_red_front4" straddles multiple areas. This is invalid!
Occluder "occluder_red_front4" straddles multiple areas. This is invalid!
Occluder "occluder_red_front4" straddles multiple areas. This is invalid!
Occluder "occluder_blue_front1b" straddles multiple areas. This is invalid!
Occluder "occluder_blue_front1b" straddles multiple areas. This is invalid!
Occluder "occluder_blue_front1b" straddles multiple areas. This is invalid!
Occluder "occluder_blue_front1b" straddles multiple areas. This is invalid!
Occluder "occluder_blue_front1b" straddles multiple areas. This is invalid!
Occluder "occluder_blue_front1b" straddles multiple areas. This is invalid!
Occluder "occluder_blue_front1b" straddles multiple areas. This is invalid!
Occluder "occluder_blue_front1b" straddles multiple areas. This is invalid!
Occluder "occluder_blue_front1b" straddles multiple areas. This is invalid!
Occluder "occluder_blue_front1b" straddles multiple areas. This is invalid!
Chop Details...done (0)
Find Visible Detail Sides...
Merged 1210 detail faces...done (0)
Merging details...done (0)
FixTjuncs...
PruneNodes...
WriteBSP...
done (2)
*** Error: Skybox vtf files for skybox/sky_tf2_04 weren't compiled with the same size texture and/or same flags!
Can't load skybox file skybox/sky_tf2_04 to build the default cubemap!
*** Error: Skybox vtf files for skybox/sky_tf2_04 weren't compiled with the same size texture and/or same flags!
Can't load skybox file skybox/sky_tf2_04 to build the default cubemap!
Finding displacement neighbors...
Finding lightmap sample positions...
Displacement Alpha : 0...1...2...3...4...5...6...7...8...9...10
Building Physics collision data...
WARNING: Map using power 4 displacements, terrain physics cannot be compressed, map will need additional memory and CPU.
done (1) (4424888 bytes)
Static prop models/props_mining/ceiling_pipe_64.mdl outside the map (1269.00, 1600.00, 488.00)
Static prop models/props_mining/ceiling_pipe_64.mdl outside the map (-1061.00, 1712.00, 488.00)
Static prop models/props_mining/ceiling_pipe_128.mdl outside the map (1408.00, 1258.57, 503.37)
Static prop models/props_mining/ceiling_pipe_128.mdl outside the map (1536.00, 1258.57, 503.37)
Static prop models/props_mining/ceiling_pipe_64.mdl outside the map (-1269.00, -1600.00, 488.00)
Static prop models/props_mining/ceiling_pipe_128.mdl outside the map (-1408.00, -1258.57, 503.37)
Static prop models/props_mining/ceiling_pipe_128.mdl outside the map (-1536.00, -1258.57, 503.37)
Static prop models/props_mining/ceiling_pipe_64.mdl outside the map (1061.00, -1712.00, 488.00)
Placing detail props : 0...1...2...3...4...5...6...7...8...9...10
Compacting texture/material tables...
Reduced 13902 texinfos to 7197
Reduced 334 texdatas to 293 (11487 bytes to 9484)
Writing D:\Development\saint_dev\map_src\pf2\inv_2fort\inv_2fart.bsp
MSG_FILEWRITE - Filesystem was asked to write to 'D:\Development\saint_dev\map_src\pf2\inv_2fort\inv_2fart.bsp', but we don't own that location. Allowing.
Wrote ZIP buffer, estimated size 69037, actual size 49661
13 seconds elapsed



12 threads
reading d:\development\saint_dev\map_src\pf2\inv_2fort\inv_2fart.bsp
reading d:\development\saint_dev\map_src\pf2\inv_2fort\inv_2fart.prt
LoadPortals: couldn't read d:\development\saint_dev\map_src\pf2\inv_2fort\inv_2fart.prt
